// Jest Snapshot v1, https://goo.gl/fbAQLP

exports[`HeaderMenu renders correctly 1`] = `
<div
  className="HeaderMenu"
>
  <div
    className="HeaderMenu__container"
  >
    <h2
      className="HeaderMenu__title"
    />
    <ul
      className="HeaderMenu__list"
    >
      <li
        className="HeaderMenu__list-item"
        key="Log In / Sign Up"
      >
        <Link
          href="#"
        >
          <a
            className="HeaderMenu__link"
          >
            Log In / Sign Up
          </a>
        </Link>
      </li>
      <li
        className="HeaderMenu__list-item"
      >
        <Link
          href="#"
        >
          <a>
            <SearchIcon />
          </a>
        </Link>
      </li>
    </ul>
  </div>
</div>
`;
